[    4006ms] [INFO] Resource Sentinel initialized... @ https://www.notion.so/361b80ce92ef8100bb3efad21b93e15a:0
[    7878ms] [INFO] 2026-05-24T08:34:48.946Z [error] StatsigClientLoader.ts: statsig_on_device_eval_timeout {data: Object} @ https://www.notion.so/_assets/app-cf397e32b2c176fd.js:6
[   10435ms] [INFO] 2026-05-24T08:34:51.505Z [info] PageLoader: loserAborted {data: Object} @ https://www.notion.so/_assets/app-cf397e32b2c176fd.js:6
[   10468ms] [INFO] 2026-05-24T08:34:51.539Z [info] FeatureFlagTransactionQueue: preferIndexedDB {team: no-team-specified} @ https://www.notion.so/_assets/app-cf397e32b2c176fd.js:6
[   10510ms] [INFO] 2026-05-24T08:34:51.580Z [info] appHelpers: shouldShowError {data: Object} @ https://www.notion.so/_assets/app-cf397e32b2c176fd.js:6
[   10515ms] [INFO] 2026-05-24T08:34:51.585Z [info] appHelpers: shouldShowError {data: Object} @ https://www.notion.so/_assets/app-cf397e32b2c176fd.js:6
[   10523ms] [INFO] 2026-05-24T08:34:51.593Z [error] statsig: initialize {error: Object, data: Object} @ https://www.notion.so/_assets/app-cf397e32b2c176fd.js:6
[   10525ms] [LOG] %c
	nnnnnnnnnnnnnnnnnnnnnnnnnnnnnn
	nnnn                         nnnn
	nnnnnnn                          nnnn
	nnnnnnnnnnnnnnnnnnnnnnnnnnnnnnnnnnnnnn
	nnnnnnnnnnnnnnnnnnnnnnnnnnnnnnnnnnnnnn
	nnnnnnnn                           nnn
	nnnnnnnn    nnnnnnnn     nnnnnnn   nnn
	nnnnnnnn      nnnnnnn      nnn     nnn
	nnnnnnnn      nnnnnnnn     nnn     nnn
	nnnnnnnn      nnnnnnnnnn   nnn     nnn
	nnnnnnnn      nnn nnnnnnn  nnn     nnn
	nnnnnnnn      nnn  nnnnnnnnnnn     nnn
	nnnnnnnn      nnn   nnnnnnnnnn     nnn
	nnnnnnnn      nnn     nnnnnnnn     nnn
	nnnnnnnn      nnn      nnnnnnn     nnn
	nnnnnnnn    nnnnnnnn    nnnnnn     nnn
	  nnnnnn                           nnn
		nnnnnnnnnnnnnnnnnnnnnnnnnnnnnnnnnn		We're hiring!
		  nnnnnnnnnnnnnnnnnnnnnnnnnnnnnnnn		notion.so/careers

	“yeah, I would probably eat a lemon for one hundred dollars” -- Ivan Zhao (2023-07-14)
				  font-family: monospace @ https://www.notion.so/_assets/mainApp-d40f78155395d31c.js:61
[   10790ms] [INFO] 2026-05-24T08:34:51.861Z [info] syncRecordValuesBatched: recordPointerMissingSpaceId {actor: Object, data: Object} @ https://www.notion.so/_assets/app-cf397e32b2c176fd.js:6
[   11042ms] [INFO] 2026-05-24T08:34:52.112Z [info] appHelpers: shouldShowError {data: Object} @ https://www.notion.so/_assets/app-cf397e32b2c176fd.js:6
[   11057ms] [INFO] 2026-05-24T08:34:52.127Z [error] handleRestrictedStateForResponse: callApi {data: Object} @ https://www.notion.so/_assets/app-cf397e32b2c176fd.js:6
[   11060ms] [INFO] 2026-05-24T08:34:52.131Z [info] appHelpers: shouldShowError {data: Object} @ https://www.notion.so/_assets/app-cf397e32b2c176fd.js:6
[   13580ms] [INFO] 2026-05-24T08:34:54.650Z [error] handleRestrictedStateForResponse: callApi {data: Object} @ https://www.notion.so/_assets/app-cf397e32b2c176fd.js:6
[   14226ms] [INFO] 2026-05-24T08:34:55.296Z [info] pageError: pageError {data: Object} @ https://www.notion.so/_assets/app-cf397e32b2c176fd.js:6
[   14228ms] [INFO] 2026-05-24T08:34:55.298Z [info] appHelpers: shouldShowError {data: Object} @ https://www.notion.so/_assets/app-cf397e32b2c176fd.js:6
[   16030ms] [ERROR] Failed to load resource: the server responded with a status of 401 () @ https://www.notion.so/api/v3/recordPageExit:0
[   16032ms] [INFO] 2026-05-24T08:34:57.103Z [error] handleRestrictedStateForResponse: callApi {data: Object} @ https://www.notion.so/_assets/app-cf397e32b2c176fd.js:6
[   17406ms] [WARNING] Ignoring inability to install OPFS sqlite3_vfs: Cannot install OPFS: Missing SharedArrayBuffer and/or Atomics. The server must emit the COOP/COEP response headers to enable those. See https://sqlite.org/wasm/doc/trunk/persistence.md#coop-coep @ https://www.notion.so/_assets/wasm-sqlite-worker-b6861135b361cf2b.js:0
[   19801ms] [WARNING] Amplitude Logger [Warn]: Event not tracked, no destination plugins on the instance @ https://www.notion.so/_assets/transport-support-49d6a98cbf389fa8.js:0
[   19802ms] [INFO] 2026-05-24T08:35:00.872Z [error] eventTrailApiHelpers: trackFailure {error: Object} @ https://www.notion.so/_assets/app-cf397e32b2c176fd.js:6
[   26055ms] [INFO] 2026-05-24T08:35:07.125Z [info] sqliteSchemaHelpers: attemptFastForwardMigration {data: Object} @ https://www.notion.so/_assets/app-cf397e32b2c176fd.js:6
[   26073ms] [INFO] 2026-05-24T08:35:07.143Z [info] sqliteSchemaHelpers: successfulFastForwardMigration {data: Object} @ https://www.notion.so/_assets/app-cf397e32b2c176fd.js:6
[   39218ms] [ERROR] Failed to load resource: the server responded with a status of 403 () @ https://cdn.metadata.io/pixel/config/1127.json:0
[   43159ms] [ERROR] HttpRequestError: Received HTTP 401
    at d (https://www.notion.so/_assets/ClientFramework-3b1c820309cbb5e4.js:7:32748)
    at async m (https://www.notion.so/_assets/ClientFramework-3b1c820309cbb5e4.js:7:34613)
    at async r (https://www.notion.so/_assets/app-cf397e32b2c176fd.js:1:159)
    at async l (https://www.notion.so/_assets/5685-17b4c83fadc27b0d.js:1:5729) @ https://www.notion.so/_assets/handleHttpFailure-852e9b5617753094.js:0
[   43159ms] [INFO] 2026-05-24T08:35:24.230Z [error] api: httpTrigger401 {data: Object} @ https://www.notion.so/_assets/app-cf397e32b2c176fd.js:6
[   44236ms] [WARNING] [GSI_LOGGER]: Your client application uses one of the Google One Tap prompt UI status methods that may stop functioning when FedCM becomes mandatory. Refer to the migration guide to update your code accordingly and opt-in to FedCM to test your changes. Learn more: https://developers.google.com/identity/gsi/web/guides/fedcm-migration?s=dc#display_moment and https://developers.google.com/identity/gsi/web/guides/fedcm-migration?s=dc#skipped_moment @ https://accounts.google.com/gsi/client:84
[   44241ms] [ERROR] Not signed in with the identity provider. @ https://www.notion.so/361b80ce92ef8100bb3efad21b93e15a:0
[   44723ms] [ERROR] [GSI_LOGGER]: FedCM get() rejects with NetworkError: Error retrieving a token. @ https://accounts.google.com/gsi/client:85
[   72052ms] [INFO] 2026-05-24T08:35:53.122Z [info] appHelpers: shouldShowError {data: Object} @ https://www.notion.so/_assets/76406-6b42df3763f56eeb.js:472
[   72054ms] [INFO] 2026-05-24T08:35:53.125Z [info] appHelpers: shouldShowError {data: Object} @ https://www.notion.so/_assets/76406-6b42df3763f56eeb.js:472
[   73712ms] [INFO] 2026-05-24T08:35:54.782Z [error] main: ClientError {error: Object} @ https://www.notion.so/_assets/76406-6b42df3763f56eeb.js:472
[   73714ms] Error: Failed to load a required record: user_root, 15dd872b-594c-81aa-a1ed-0002889c9d3f, undefined.
    at Object.loadRecordModel [as loadFn] (https://www.notion.so/_assets/5685-17b4c83fadc27b0d.js:5:89325)
    at async https://www.notion.so/_assets/5685-17b4c83fadc27b0d.js:186:20751
    at async Promise.all (index 0)
    at async o (https://www.notion.so/_assets/5685-17b4c83fadc27b0d.js:186:20692)
    at async r (https://www.notion.so/_assets/5685-17b4c83fadc27b0d.js:186:20303)
    at async Object.s (https://www.notion.so/_assets/5685-17b4c83fadc27b0d.js:186:21464)
    at async Object.r (https://www.notion.so/_assets/5685-17b4c83fadc27b0d.js:5:88899)
    at async h (https://www.notion.so/_assets/5685-17b4c83fadc27b0d.js:86:103211)
    at async r.measureErrors (https://www.notion.so/_assets/5685-17b4c83fadc27b0d.js:183:1199630)
    at async g (https://www.notion.so/_assets/5685-17b4c83fadc27b0d.js:86:101306)
[   73734ms] [INFO] 2026-05-24T08:35:54.804Z [info] syncRecordValuesBatched: missingSpacePointerForNotionUserRequest {actor: Object, data: Object} @ https://www.notion.so/_assets/76406-6b42df3763f56eeb.js:472
[   73734ms] [INFO] 2026-05-24T08:35:54.804Z [info] syncRecordValuesBatched: recordPointerMissingSpaceId {actor: Object, data: Object} @ https://www.notion.so/_assets/76406-6b42df3763f56eeb.js:472
[   78746ms] [INFO] 2026-05-24T08:35:59.816Z [info] PageLoader: loserAborted {data: Object} @ https://www.notion.so/_assets/76406-6b42df3763f56eeb.js:472
[   78756ms] [INFO] 2026-05-24T08:35:59.826Z [error] UserActorMembership: NecessaryRecordWasNotProvided {error: Object, data: Object} @ https://www.notion.so/_assets/76406-6b42df3763f56eeb.js:472
[   78758ms] [INFO] 2026-05-24T08:35:59.828Z [error] ActorMemberships: MissingActorMembership {error: Object, data: Object} @ https://www.notion.so/_assets/76406-6b42df3763f56eeb.js:472
[   78887ms] [INFO] Slow network is detected. See https://www.chromestatus.com/feature/5636954674692096 for more details. Fallback font will be used while loading: https://www.notion.so/katex/fonts/KaTeX_Math-Italic.d8b7a801.woff2 @ https://www.notion.so/_assets/ClientFramework-3b1c820309cbb5e4.js:6
[   78887ms] [INFO] Slow network is detected. See https://www.chromestatus.com/feature/5636954674692096 for more details. Fallback font will be used while loading: https://www.notion.so/katex/fonts/KaTeX_Main-Regular.f8a7f19f.woff2 @ https://www.notion.so/_assets/ClientFramework-3b1c820309cbb5e4.js:6
[   83599ms] [INFO] 2026-05-24T08:36:04.670Z [error] ActorMemberships: MissingActorMembership {error: Object, data: Object} @ https://www.notion.so/_assets/76406-6b42df3763f56eeb.js:472
[  102785ms] [INFO] 2026-05-24T08:36:23.855Z [info] premiumFeatureFramework: getPremiumFeatureAvailability {data: Object} @ https://www.notion.so/_assets/76406-6b42df3763f56eeb.js:472
[  143754ms] [INFO] Slow network is detected. See https://www.chromestatus.com/feature/5636954674692096 for more details. Fallback font will be used while loading: https://www.notion.so/katex/fonts/KaTeX_Caligraphic-Regular.08d95d99.woff2 @ https://www.notion.so/_assets/22278-fb164299601d0572.js:0
[  143771ms] [INFO] Slow network is detected. See https://www.chromestatus.com/feature/5636954674692096 for more details. Fallback font will be used while loading: https://www.notion.so/katex/fonts/KaTeX_Size2-Regular.95a1da91.woff2 @ https://www.notion.so/_assets/22278-fb164299601d0572.js:0
[  149894ms] [INFO] 2026-05-24T08:37:10.964Z [error] ActorMemberships: MissingActorMembership {error: Object, data: Object} @ https://www.notion.so/_assets/76406-6b42df3763f56eeb.js:472
[  165986ms] [INFO] 2026-05-24T08:37:27.057Z [info] ai.completionActions: maybeUpdateAIUsageEligibilityStoreV2Refreshing {data: Object} @ https://www.notion.so/_assets/76406-6b42df3763f56eeb.js:472
[  185579ms] [INFO] 2026-05-24T08:37:46.650Z [error] ActorMemberships: MissingActorMembership {error: Object, data: Object} @ https://www.notion.so/_assets/76406-6b42df3763f56eeb.js:472
[  290080ms] [INFO] 2026-05-24T08:39:31.150Z [error] ActorMemberships: MissingActorMembership {error: Object, data: Object} @ https://www.notion.so/_assets/76406-6b42df3763f56eeb.js:472
[  290862ms] [INFO] 2026-05-24T08:39:31.932Z [error] ActorMemberships: MissingActorMembership {error: Object, data: Object} @ https://www.notion.so/_assets/76406-6b42df3763f56eeb.js:472
[  295793ms] [INFO] 2026-05-24T08:39:36.864Z [error] ActorMemberships: MissingActorMembership {error: Object, data: Object} @ https://www.notion.so/_assets/76406-6b42df3763f56eeb.js:472
